                                                 Утверждена Приказом ФНС РФ
                                                 от 13.10.2006 N САЭ-3-04/706@
                                                                  Форма 2-НДФЛ
СПРАВКА О ДОХОДАХ ФИЗИЧЕСКОГО ЛИЦА за 2009 год N  1 от 13.12.2009 в ИФНС N 5190

1.   ДАННЫЕ О НАЛОГОВОМ АГЕНТЕ
1.1. ИНН/КПП организации   5190309146/519001001
1.2. Наименование организации ООО 'АСОТ-ЦЕНТР CЕРВИС'                      

1.3. Код ОКАТО  47401367000                       1.4. Телефон  45-04-27     
2.   ДАННЫЕ О ФИЗИЧЕСКОМ ЛИЦЕ - получателе дохода
2.1. ИНН 519014584708
2.2. Фамилия, Имя, Отчество                                               ТБН 
     Березовский Виктор Леонидович                                        0107
2.3. Статус 1    2.4. Дата рождения 07.01.1952 г.    2.5. Гражданство(код) 643
2.6. Код док-та, удост. личность - 21  2.7. Серия, N документа 47 03  832316  
2.8. Адрес постоянного места жительства в Российской Федерации:
     Почтовый индекс 183071 Код региона 51  Район                            
     Город Мурманск г                              
     Улица Маклакова ул                            
     Дом 21     Корпус    Квартира 65   

3. ДОХОДЫ, ОБЛАГАЕМЫЕ НАЛОГОМ ПО СТАВКЕ  13 % 

┌────┬──────┬──────────┬─────┬────────┐ ┌────┬──────┬──────────┬─────┬────────┐
│ Ме │ Код  │    Сумма │ Код │ Сумма  │ │ Ме │ Код  │    Сумма │ Код │ Сумма  │
│ сяц│дохода│    дохода│вычет│ вычета │ │ сяц│дохода│    дохода│вычет│ вычета │
├────┼──────┼──────────┼─────┼────────┤ ├────┼──────┼──────────┼─────┼────────┤
│ 01 │ 2000 │  16040.00│     │        │ │ 06 │ 2012 │  28311.35│     │        │
│ 02 │ 2000 │  16040.00│     │        │ │ 08 │ 2000 │   4582.86│     │        │
│ 03 │ 2000 │  16040.00│     │        │ │ 09 │ 2000 │  19490.00│     │        │
│ 04 │ 2000 │  16040.00│     │        │ │ 10 │ 2000 │  19490.00│     │        │
│ 05 │ 2000 │  16040.00│     │        │ │ 11 │ 2000 │  19490.00│     │        │
│ 06 │ 2000 │  16040.00│     │        │ │    │      │          │     │        │
└────┴──────┴──────────┴─────┴────────┘ └────┴──────┴──────────┴─────┴────────┘

4.5. Общая сумма предоставленных стандартных  налоговых вычетов           0.00

 5. Общие суммы дохода и налога по итогам налогового периода:
┌────────────────────────────────────────────────────────────────┬────────────┐
│5.1. Общая сумма дохода                                         │  187604.21 │
├────────────────────────────────────────────────────────────────┼────────────┤
│5.2. Облагаемая сумма дохода                                    │  187604.21 │
├────────────────────────────────────────────────────────────────┼────────────┤
│5.3. Сумма налога исчисленная                                   │   24389    │
├────────────────────────────────────────────────────────────────┼────────────┤
│5.4. Сумма налога удержанная                                    │   24389    │
├────────────────────────────────────────────────────────────────┼────────────┤
│5.5. Сумма возврата налога по перерасчету с доходов прошлых лет │            │
├────────────────────────────────────────────────────────────────┼────────────┤
│5.6. Сумма, зачтенная при уплате налога по перер. с дох. пр. лет│            │
├────────────────────────────────────────────────────────────────┼────────────┤
│5.7. Сумма, удержанная при уплате налога по перер. с дох. пр.лет│            │
├────────────────────────────────────────────────────────────────┼────────────┤
│5.8. Задолженность по налогу за налогоплательщиком              │            │
├────────────────────────────────────────────────────────────────┼────────────┤
│5.9. Сумма налога, излишне удержанная налоговым агентом         │            │
├────────────────────────────────────────────────────────────────┼────────────┤
│5.10 Сумма налога, переданная на взыскание в налоговый орган    │            │
└────────────────────────────────────────────────────────────────┴────────────┘

Налоговый агент   бухгалтер             ______________  /Беляева Н.С.        /
     М.П.             (должность)          (подпись)          (Ф.И.О.)

                                                 Утверждена Приказом ФНС РФ
                                                 от 13.10.2006 N САЭ-3-04/706@
                                                                  Форма 2-НДФЛ
СПРАВКА О ДОХОДАХ ФИЗИЧЕСКОГО ЛИЦА за 2009 год N  2 от 13.12.2009 в ИФНС N 5190

1.   ДАННЫЕ О НАЛОГОВОМ АГЕНТЕ
1.1. ИНН/КПП организации   5190309146/519001001
1.2. Наименование организации ООО 'АСОТ-ЦЕНТР CЕРВИС'                      

1.3. Код ОКАТО  47401367000                       1.4. Телефон  45-04-27     
2.   ДАННЫЕ О ФИЗИЧЕСКОМ ЛИЦЕ - получателе дохода
2.1. ИНН             
2.2. Фамилия, Имя, Отчество                                               ТБН 
     Немчинова Надежда Алексеевна                                         0108
2.3. Статус 1    2.4. Дата рождения 27.10.1949 г.    2.5. Гражданство(код) 643
2.6. Код док-та, удост. личность - 21  2.7. Серия, N документа 47 02  483444  
2.8. Адрес постоянного места жительства в Российской Федерации:
     Почтовый индекс 183050 Код региона 51  Район                            
     Город Мурманск г                              
     Улица Ледокольный проезд                      
     Дом 5      Корпус    Квартира 68   

3. ДОХОДЫ, ОБЛАГАЕМЫЕ НАЛОГОМ ПО СТАВКЕ  13 % 

┌────┬──────┬──────────┬─────┬────────┐ ┌────┬──────┬──────────┬─────┬────────┐
│ Ме │ Код  │    Сумма │ Код │ Сумма  │ │ Ме │ Код  │    Сумма │ Код │ Сумма  │
│ сяц│дохода│    дохода│вычет│ вычета │ │ сяц│дохода│    дохода│вычет│ вычета │
├────┼──────┼──────────┼─────┼────────┤ ├────┼──────┼──────────┼─────┼────────┤
│ 01 │ 2000 │  31729.00│     │        │ │ 07 │ 2000 │  43532.00│     │        │
│ 02 │ 2000 │  29067.00│     │        │ │ 07 │ 2012 │  29524.67│     │        │
│ 03 │ 2000 │  10003.85│     │        │ │ 08 │ 2000 │  27610.00│     │        │
│ 03 │ 2012 │  12368.66│     │        │ │ 10 │ 2000 │  12590.00│     │        │
│ 04 │ 2000 │  18816.10│     │        │ │ 10 │ 2760 │  17241.00│ 503 │ 4000.00│
│ 05 │ 2000 │  28937.00│     │        │ │ 11 │ 2000 │  26579.00│     │        │
│ 06 │ 2000 │  25887.00│     │        │ │    │      │          │     │        │
└────┴──────┴──────────┴─────┴────────┘ └────┴──────┴──────────┴─────┴────────┘

4. СТАНДАРТНЫЕ и ИМУЩЕСТВЕННЫЕ НАЛОГОВЫЕ ВЫЧЕТЫ (по видам)
4.1. Суммы нал.вычетов, право на получение которых имеется у налогоплательщика
   Код Сумма вычета   Код Сумма вычета   Код Сумма вычета   Код Сумма вычета
  103       400.00                                                            
4.5. Общая сумма предоставленных стандартных  налоговых вычетов         400.00

 5. Общие суммы дохода и налога по итогам налогового периода:
┌────────────────────────────────────────────────────────────────┬────────────┐
│5.1. Общая сумма дохода                                         │  313885.28 │
├────────────────────────────────────────────────────────────────┼────────────┤
│5.2. Облагаемая сумма дохода                                    │  309485.28 │
├────────────────────────────────────────────────────────────────┼────────────┤
│5.3. Сумма налога исчисленная                                   │   40233    │
├────────────────────────────────────────────────────────────────┼────────────┤
│5.4. Сумма налога удержанная                                    │   40233    │
├────────────────────────────────────────────────────────────────┼────────────┤
│5.5. Сумма возврата налога по перерасчету с доходов прошлых лет │            │
├────────────────────────────────────────────────────────────────┼────────────┤
│5.6. Сумма, зачтенная при уплате налога по перер. с дох. пр. лет│            │
├────────────────────────────────────────────────────────────────┼────────────┤
│5.7. Сумма, удержанная при уплате налога по перер. с дох. пр.лет│            │
├────────────────────────────────────────────────────────────────┼────────────┤
│5.8. Задолженность по налогу за налогоплательщиком              │            │
├────────────────────────────────────────────────────────────────┼────────────┤
│5.9. Сумма налога, излишне удержанная налоговым агентом         │            │
├────────────────────────────────────────────────────────────────┼────────────┤
│5.10 Сумма налога, переданная на взыскание в налоговый орган    │            │
└────────────────────────────────────────────────────────────────┴────────────┘

Налоговый агент   бухгалтер             ______________  /Беляева Н.С.        /
     М.П.             (должность)          (подпись)          (Ф.И.О.)

                                                 Утверждена Приказом ФНС РФ
                                                 от 13.10.2006 N САЭ-3-04/706@
                                                                  Форма 2-НДФЛ
СПРАВКА О ДОХОДАХ ФИЗИЧЕСКОГО ЛИЦА за 2009 год N  3 от 13.12.2009 в ИФНС N 5190

1.   ДАННЫЕ О НАЛОГОВОМ АГЕНТЕ
1.1. ИНН/КПП организации   5190309146/519001001
1.2. Наименование организации ООО 'АСОТ-ЦЕНТР CЕРВИС'                      

1.3. Код ОКАТО  47401367000                       1.4. Телефон  45-04-27     
2.   ДАННЫЕ О ФИЗИЧЕСКОМ ЛИЦЕ - получателе дохода
2.1. ИНН 519047702474
2.2. Фамилия, Имя, Отчество                                               ТБН 
     Филатова Галина Юрьевна                                              0109
2.3. Статус 1    2.4. Дата рождения 29.12.1956 г.    2.5. Гражданство(код) 643
2.6. Код док-та, удост. личность - 21  2.7. Серия, N документа 47 03  670440  
2.8. Адрес постоянного места жительства в Российской Федерации:
     Почтовый индекс 183052 Код региона 51  Район                            
     Город Мурманск г                              
     Улица Кольский пр-кт                          
     Дом 144    Корпус    Квартира 212  

3. ДОХОДЫ, ОБЛАГАЕМЫЕ НАЛОГОМ ПО СТАВКЕ  13 % 

┌────┬──────┬──────────┬─────┬────────┐ ┌────┬──────┬──────────┬─────┬────────┐
│ Ме │ Код  │    Сумма │ Код │ Сумма  │ │ Ме │ Код  │    Сумма │ Код │ Сумма  │
│ сяц│дохода│    дохода│вычет│ вычета │ │ сяц│дохода│    дохода│вычет│ вычета │
├────┼──────┼──────────┼─────┼────────┤ ├────┼──────┼──────────┼─────┼────────┤
│ 01 │ 2000 │  22989.00│     │        │ │ 07 │ 2000 │  37910.00│     │        │
│ 02 │ 2000 │  24035.00│     │        │ │ 07 │ 2012 │  41978.61│     │        │
│ 03 │ 2000 │  27937.00│     │        │ │ 08 │ 2000 │  28783.58│     │        │
│ 04 │ 2000 │  25857.00│     │        │ │ 09 │ 2000 │   1537.27│     │        │
│ 05 │ 2000 │  22956.00│     │        │ │ 10 │ 2000 │  11313.00│     │        │
│ 06 │ 2000 │  13705.71│     │        │ │ 11 │ 2000 │  25317.00│     │        │
└────┴──────┴──────────┴─────┴────────┘ └────┴──────┴──────────┴─────┴────────┘

4. СТАНДАРТНЫЕ и ИМУЩЕСТВЕННЫЕ НАЛОГОВЫЕ ВЫЧЕТЫ (по видам)
4.1. Суммы нал.вычетов, право на получение которых имеется у налогоплательщика
   Код Сумма вычета   Код Сумма вычета   Код Сумма вычета   Код Сумма вычета
  103       400.00                                                            
4.5. Общая сумма предоставленных стандартных  налоговых вычетов         400.00

 5. Общие суммы дохода и налога по итогам налогового периода:
┌────────────────────────────────────────────────────────────────┬────────────┐
│5.1. Общая сумма дохода                                         │  284319.17 │
├────────────────────────────────────────────────────────────────┼────────────┤
│5.2. Облагаемая сумма дохода                                    │  283919.17 │
├────────────────────────────────────────────────────────────────┼────────────┤
│5.3. Сумма налога исчисленная                                   │   36909    │
├────────────────────────────────────────────────────────────────┼────────────┤
│5.4. Сумма налога удержанная                                    │   36909    │
├────────────────────────────────────────────────────────────────┼────────────┤
│5.5. Сумма возврата налога по перерасчету с доходов прошлых лет │            │
├────────────────────────────────────────────────────────────────┼────────────┤
│5.6. Сумма, зачтенная при уплате налога по перер. с дох. пр. лет│            │
├────────────────────────────────────────────────────────────────┼────────────┤
│5.7. Сумма, удержанная при уплате налога по перер. с дох. пр.лет│            │
├────────────────────────────────────────────────────────────────┼────────────┤
│5.8. Задолженность по налогу за налогоплательщиком              │            │
├────────────────────────────────────────────────────────────────┼────────────┤
│5.9. Сумма налога, излишне удержанная налоговым агентом         │            │
├────────────────────────────────────────────────────────────────┼────────────┤
│5.10 Сумма налога, переданная на взыскание в налоговый орган    │            │
└────────────────────────────────────────────────────────────────┴────────────┘

Налоговый агент   бухгалтер             ______________  /Беляева Н.С.        /
     М.П.             (должность)          (подпись)          (Ф.И.О.)

                                                 Утверждена Приказом ФНС РФ
                                                 от 13.10.2006 N САЭ-3-04/706@
                                                                  Форма 2-НДФЛ
СПРАВКА О ДОХОДАХ ФИЗИЧЕСКОГО ЛИЦА за 2009 год N  4 от 13.12.2009 в ИФНС N 5190

1.   ДАННЫЕ О НАЛОГОВОМ АГЕНТЕ
1.1. ИНН/КПП организации   5190309146/519001001
1.2. Наименование организации ООО 'АСОТ-ЦЕНТР CЕРВИС'                      

1.3. Код ОКАТО  47401367000                       1.4. Телефон  45-04-27     
2.   ДАННЫЕ О ФИЗИЧЕСКОМ ЛИЦЕ - получателе дохода
2.1. ИНН             
2.2. Фамилия, Имя, Отчество                                               ТБН 
     Зюкина Елена Михайловна                                              0110
2.3. Статус 1    2.4. Дата рождения 08.04.1953 г.    2.5. Гражданство(код) 643
2.6. Код док-та, удост. личность - 21  2.7. Серия, N документа 47 01  307206  
2.8. Адрес постоянного места жительства в Российской Федерации:
     Почтовый индекс 183038 Код региона 51  Район                            
     Город Мурманск г                              
     Улица Коминтерна ул                           
     Дом 22     Корпус    Квартира 14   

3. ДОХОДЫ, ОБЛАГАЕМЫЕ НАЛОГОМ ПО СТАВКЕ  13 % 

┌────┬──────┬──────────┬─────┬────────┐ ┌────┬──────┬──────────┬─────┬────────┐
│ Ме │ Код  │    Сумма │ Код │ Сумма  │ │ Ме │ Код  │    Сумма │ Код │ Сумма  │
│ сяц│дохода│    дохода│вычет│ вычета │ │ сяц│дохода│    дохода│вычет│ вычета │
├────┼──────┼──────────┼─────┼────────┤ ├────┼──────┼──────────┼─────┼────────┤
│ 01 │ 2000 │  25563.00│     │        │ │ 06 │ 2012 │  36723.23│     │        │
│ 02 │ 2000 │  22520.00│     │        │ │ 07 │ 2000 │   5446.04│     │        │
│ 03 │ 2000 │  22253.00│     │        │ │ 08 │ 2000 │   8340.00│     │        │
│ 04 │ 2000 │  21320.00│     │        │ │ 09 │ 2000 │  36350.00│     │        │
│ 05 │ 2000 │  24119.00│     │        │ │ 10 │ 2000 │  36883.00│     │        │
│ 06 │ 2000 │  18042.13│     │        │ │ 11 │ 2000 │  21320.00│     │        │
└────┴──────┴──────────┴─────┴────────┘ └────┴──────┴──────────┴─────┴────────┘

4. СТАНДАРТНЫЕ и ИМУЩЕСТВЕННЫЕ НАЛОГОВЫЕ ВЫЧЕТЫ (по видам)
4.1. Суммы нал.вычетов, право на получение которых имеется у налогоплательщика
   Код Сумма вычета   Код Сумма вычета   Код Сумма вычета   Код Сумма вычета
  103       400.00                                                            
4.5. Общая сумма предоставленных стандартных  налоговых вычетов         400.00

 5. Общие суммы дохода и налога по итогам налогового периода:
┌────────────────────────────────────────────────────────────────┬────────────┐
│5.1. Общая сумма дохода                                         │  278879.40 │
├────────────────────────────────────────────────────────────────┼────────────┤
│5.2. Облагаемая сумма дохода                                    │  278479.40 │
├────────────────────────────────────────────────────────────────┼────────────┤
│5.3. Сумма налога исчисленная                                   │   36202    │
├────────────────────────────────────────────────────────────────┼────────────┤
│5.4. Сумма налога удержанная                                    │   36202    │
├────────────────────────────────────────────────────────────────┼────────────┤
│5.5. Сумма возврата налога по перерасчету с доходов прошлых лет │            │
├────────────────────────────────────────────────────────────────┼────────────┤
│5.6. Сумма, зачтенная при уплате налога по перер. с дох. пр. лет│            │
├────────────────────────────────────────────────────────────────┼────────────┤
│5.7. Сумма, удержанная при уплате налога по перер. с дох. пр.лет│            │
├────────────────────────────────────────────────────────────────┼────────────┤
│5.8. Задолженность по налогу за налогоплательщиком              │            │
├────────────────────────────────────────────────────────────────┼────────────┤
│5.9. Сумма налога, излишне удержанная налоговым агентом         │            │
├────────────────────────────────────────────────────────────────┼────────────┤
│5.10 Сумма налога, переданная на взыскание в налоговый орган    │            │
└────────────────────────────────────────────────────────────────┴────────────┘

Налоговый агент   бухгалтер             ______________  /Беляева Н.С.        /
     М.П.             (должность)          (подпись)          (Ф.И.О.)
