                                                 Утверждена Приказом ФНС РФ
                                                 от 13.10.2006 N САЭ-3-04/706@
                                                                  Форма 2-НДФЛ
СПРАВКА О ДОХОДАХ ФИЗИЧЕСКОГО ЛИЦА за 2009 год N  1 от 05.01.2010 в ИФНС N 7537

1.   ДАННЫЕ О НАЛОГОВОМ АГЕНТЕ
1.1. ИНН/КПП организации   7537002943/753601001
1.2. Наименование организации МУЗ ГОРОДСКАЯ ПОЛИКЛИНИКА 1                  

1.3. Код ОКАТО  76401000000                       1.4. Телефон  39 -51-36    
2.   ДАННЫЕ О ФИЗИЧЕСКОМ ЛИЦЕ - получателе дохода
2.1. ИНН 753604825610
2.2. Фамилия, Имя, Отчество                                               ТБН 
     САМПИЛОВА ТАТЬЯНА НИКОЛАЕВНА                                         2029
2.3. Статус 1    2.4. Дата рождения 19.04.1963 г.    2.5. Гражданство(код) 643
2.6. Код док-та, удост. личность - 21  2.7. Серия, N документа 76 00  498849  
2.8. Адрес постоянного места жительства в Российской Федерации:
     Почтовый индекс 672000 Код региона 75  Район                            
     Город ЧИТА Г                                  
     Улица КУРНАТОВСКОГО УЛ                        
     Дом 12     Корпус    Квартира 7    

3. ДОХОДЫ, ОБЛАГАЕМЫЕ НАЛОГОМ ПО СТАВКЕ  13 % 

┌────┬──────┬──────────┬─────┬────────┐ ┌────┬──────┬──────────┬─────┬────────┐
│ Ме │ Код  │    Сумма │ Код │ Сумма  │ │ Ме │ Код  │    Сумма │ Код │ Сумма  │
│ сяц│дохода│    дохода│вычет│ вычета │ │ сяц│дохода│    дохода│вычет│ вычета │
├────┼──────┼──────────┼─────┼────────┤ ├────┼──────┼──────────┼─────┼────────┤
│ 01 │ 2000 │  49058.61│     │        │ │ 07 │ 2012 │  81814.15│     │        │
│ 02 │ 2000 │  37109.76│     │        │ │ 07 │ 2760 │  21774.00│ 503 │ 4000.00│
│ 03 │ 2000 │  39380.95│     │        │ │ 08 │ 2000 │  10353.00│     │        │
│ 04 │ 2000 │  41910.27│     │        │ │ 09 │ 2000 │  55834.75│     │        │
│ 05 │ 2000 │  43299.07│     │        │ │ 10 │ 2000 │  48530.68│     │        │
│ 06 │ 2000 │  66297.48│     │        │ │ 11 │ 2000 │  69353.90│     │        │
│ 07 │ 2000 │  53286.90│     │        │ │ 12 │ 2000 │  37529.99│     │        │
└────┴──────┴──────────┴─────┴────────┘ └────┴──────┴──────────┴─────┴────────┘

4. СТАНДАРТНЫЕ и ИМУЩЕСТВЕННЫЕ НАЛОГОВЫЕ ВЫЧЕТЫ (по видам)
4.1. Суммы нал.вычетов, право на получение которых имеется у налогоплательщика
   Код Сумма вычета   Код Сумма вычета   Код Сумма вычета   Код Сумма вычета
  108      6000.00                                                            
4.5. Общая сумма предоставленных стандартных  налоговых вычетов        6000.00

 5. Общие суммы дохода и налога по итогам налогового периода:
┌────────────────────────────────────────────────────────────────┬────────────┐
│5.1. Общая сумма дохода                                         │  655533.51 │
├────────────────────────────────────────────────────────────────┼────────────┤
│5.2. Облагаемая сумма дохода                                    │  645533.51 │
├────────────────────────────────────────────────────────────────┼────────────┤
│5.3. Сумма налога исчисленная                                   │   83919    │
├────────────────────────────────────────────────────────────────┼────────────┤
│5.4. Сумма налога удержанная                                    │   83919    │
├────────────────────────────────────────────────────────────────┼────────────┤
│5.5. Сумма возврата налога по перерасчету с доходов прошлых лет │            │
├────────────────────────────────────────────────────────────────┼────────────┤
│5.6. Сумма, зачтенная при уплате налога по перер. с дох. пр. лет│            │
├────────────────────────────────────────────────────────────────┼────────────┤
│5.7. Сумма, удержанная при уплате налога по перер. с дох. пр.лет│            │
├────────────────────────────────────────────────────────────────┼────────────┤
│5.8. Задолженность по налогу за налогоплательщиком              │            │
├────────────────────────────────────────────────────────────────┼────────────┤
│5.9. Сумма налога, излишне удержанная налоговым агентом         │            │
├────────────────────────────────────────────────────────────────┼────────────┤
│5.10 Сумма налога, переданная на взыскание в налоговый орган    │            │
└────────────────────────────────────────────────────────────────┴────────────┘

Налоговый агент   БУХГАЛТЕР             ______________  /РОДИОНОВА Т. .      /
     М.П.             (должность)          (подпись)          (Ф.И.О.)

                                                 Утверждена Приказом ФНС РФ
                                                 от 13.10.2006 N САЭ-3-04/706@
                                                                  Форма 2-НДФЛ
СПРАВКА О ДОХОДАХ ФИЗИЧЕСКОГО ЛИЦА за 2009 год N  2 от 05.01.2010 в ИФНС N 7537

1.   ДАННЫЕ О НАЛОГОВОМ АГЕНТЕ
1.1. ИНН/КПП организации   7537002943/753601001
1.2. Наименование организации МУЗ ГОРОДСКАЯ ПОЛИКЛИНИКА 1                  

1.3. Код ОКАТО  76401000000                       1.4. Телефон  39 -51-36    
2.   ДАННЫЕ О ФИЗИЧЕСКОМ ЛИЦЕ - получателе дохода
2.1. ИНН 753701999940
2.2. Фамилия, Имя, Отчество                                               ТБН 
     ШМАКОВА НАТАЛЬЯ АЛЕКСЕЕВНА                                           2041
2.3. Статус 1    2.4. Дата рождения 17.01.1959 г.    2.5. Гражданство(код) 643
2.6. Код док-та, удост. личность - 21  2.7. Серия, N документа 76 04  962209  
2.8. Адрес постоянного места жительства в Российской Федерации:
     Почтовый индекс 672030 Код региона 75  Район                            
     Город ЧИТА Г                                  
     Населенный пункт Текстильщиков п                         
     Улица 6-Й МКР                                 
     Дом 1      Корпус    Квартира 74   

3. ДОХОДЫ, ОБЛАГАЕМЫЕ НАЛОГОМ ПО СТАВКЕ  13 % 

┌────┬──────┬──────────┬─────┬────────┐ ┌────┬──────┬──────────┬─────┬────────┐
│ Ме │ Код  │    Сумма │ Код │ Сумма  │ │ Ме │ Код  │    Сумма │ Код │ Сумма  │
│ сяц│дохода│    дохода│вычет│ вычета │ │ сяц│дохода│    дохода│вычет│ вычета │
├────┼──────┼──────────┼─────┼────────┤ ├────┼──────┼──────────┼─────┼────────┤
│ 01 │ 2000 │  50181.69│     │        │ │ 07 │ 2000 │  44092.02│     │        │
│ 01 │ 2760 │   2000.00│ 503 │ 2000.00│ │ 07 │ 2012 │  17569.36│     │        │
│ 02 │ 2000 │  38168.75│     │        │ │ 08 │ 2000 │  10413.73│     │        │
│ 03 │ 2000 │  38792.06│     │        │ │ 08 │ 2012 │  11882.22│     │        │
│ 04 │ 2000 │  37951.06│     │        │ │ 09 │ 2000 │  34264.48│     │        │
│ 05 │ 2000 │  37430.06│     │        │ │ 10 │ 2000 │  50225.68│     │        │
│ 05 │ 2012 │  40947.94│     │        │ │ 11 │ 2000 │  64461.59│     │        │
│ 05 │ 2760 │  21774.00│ 503 │ 2000.00│ │ 12 │ 2000 │  37529.99│     │        │
│ 06 │ 2000 │  11356.00│     │        │ │    │      │          │     │        │
└────┴──────┴──────────┴─────┴────────┘ └────┴──────┴──────────┴─────┴────────┘

4. СТАНДАРТНЫЕ и ИМУЩЕСТВЕННЫЕ НАЛОГОВЫЕ ВЫЧЕТЫ (по видам)
4.1. Суммы нал.вычетов, право на получение которых имеется у налогоплательщика
   Код Сумма вычета   Код Сумма вычета   Код Сумма вычета   Код Сумма вычета
  108      6000.00                                                            
4.5. Общая сумма предоставленных стандартных  налоговых вычетов        6000.00

 5. Общие суммы дохода и налога по итогам налогового периода:
┌────────────────────────────────────────────────────────────────┬────────────┐
│5.1. Общая сумма дохода                                         │  549040.63 │
├────────────────────────────────────────────────────────────────┼────────────┤
│5.2. Облагаемая сумма дохода                                    │  539040.63 │
├────────────────────────────────────────────────────────────────┼────────────┤
│5.3. Сумма налога исчисленная                                   │   70075    │
├────────────────────────────────────────────────────────────────┼────────────┤
│5.4. Сумма налога удержанная                                    │   70075    │
├────────────────────────────────────────────────────────────────┼────────────┤
│5.5. Сумма возврата налога по перерасчету с доходов прошлых лет │            │
├────────────────────────────────────────────────────────────────┼────────────┤
│5.6. Сумма, зачтенная при уплате налога по перер. с дох. пр. лет│            │
├────────────────────────────────────────────────────────────────┼────────────┤
│5.7. Сумма, удержанная при уплате налога по перер. с дох. пр.лет│            │
├────────────────────────────────────────────────────────────────┼────────────┤
│5.8. Задолженность по налогу за налогоплательщиком              │            │
├────────────────────────────────────────────────────────────────┼────────────┤
│5.9. Сумма налога, излишне удержанная налоговым агентом         │            │
├────────────────────────────────────────────────────────────────┼────────────┤
│5.10 Сумма налога, переданная на взыскание в налоговый орган    │            │
└────────────────────────────────────────────────────────────────┴────────────┘

Налоговый агент   БУХГАЛТЕР             ______________  /РОДИОНОВА Т. .      /
     М.П.             (должность)          (подпись)          (Ф.И.О.)

                                                 Утверждена Приказом ФНС РФ
                                                 от 13.10.2006 N САЭ-3-04/706@
                                                                  Форма 2-НДФЛ
СПРАВКА О ДОХОДАХ ФИЗИЧЕСКОГО ЛИЦА за 2009 год N  3 от 05.01.2010 в ИФНС N 7537

1.   ДАННЫЕ О НАЛОГОВОМ АГЕНТЕ
1.1. ИНН/КПП организации   7537002943/753601001
1.2. Наименование организации МУЗ ГОРОДСКАЯ ПОЛИКЛИНИКА 1                  

1.3. Код ОКАТО  76401000000                       1.4. Телефон  39 -51-36    
2.   ДАННЫЕ О ФИЗИЧЕСКОМ ЛИЦЕ - получателе дохода
2.1. ИНН 753502888080
2.2. Фамилия, Имя, Отчество                                               ТБН 
     ИВАНОВА ТАТЬЯНА ЕВГЕНЬЕВНА                                           2073
2.3. Статус 1    2.4. Дата рождения 11.01.1977 г.    2.5. Гражданство(код) 643
2.6. Код док-та, удост. личность - 21  2.7. Серия, N документа 76 01  733339  
2.8. Адрес постоянного места жительства в Российской Федерации:
     Почтовый индекс 672022 Код региона 75  Район                            
     Город ЧИТА Г                                  
     Населенный пункт Энергетиков п                           
     Улица 1-я Станкозаводская ул                  
     Дом 5      Корпус    Квартира 2    

3. ДОХОДЫ, ОБЛАГАЕМЫЕ НАЛОГОМ ПО СТАВКЕ  13 % 

┌────┬──────┬──────────┬─────┬────────┐ ┌────┬──────┬──────────┬─────┬────────┐
│ Ме │ Код  │    Сумма │ Код │ Сумма  │ │ Ме │ Код  │    Сумма │ Код │ Сумма  │
│ сяц│дохода│    дохода│вычет│ вычета │ │ сяц│дохода│    дохода│вычет│ вычета │
├────┼──────┼──────────┼─────┼────────┤ ├────┼──────┼──────────┼─────┼────────┤
│ 01 │ 2000 │  13289.45│     │        │ │ 07 │ 2000 │  22180.37│     │        │
│ 02 │ 2000 │  38802.06│     │        │ │ 08 │ 2000 │  46465.29│     │        │
│ 03 │ 2000 │  43597.42│     │        │ │ 08 │ 2012 │  18341.72│     │        │
│ 04 │ 2000 │  36410.06│     │        │ │ 08 │ 2760 │   3000.00│     │     .00│
│ 05 │ 2000 │  36410.06│     │        │ │ 09 │ 2000 │  46705.53│     │        │
│ 06 │ 2000 │  44297.06│     │        │ │ 10 │ 2000 │  58916.05│     │        │
│ 06 │ 2012 │  34253.87│     │        │ │ 11 │ 2000 │  71825.17│     │        │
│ 06 │ 2760 │  21774.00│ 503 │ 4000.00│ │ 12 │ 2000 │  39643.78│     │        │
└────┴──────┴──────────┴─────┴────────┘ └────┴──────┴──────────┴─────┴────────┘

4. СТАНДАРТНЫЕ и ИМУЩЕСТВЕННЫЕ НАЛОГОВЫЕ ВЫЧЕТЫ (по видам)
4.1. Суммы нал.вычетов, право на получение которых имеется у налогоплательщика
   Код Сумма вычета   Код Сумма вычета   Код Сумма вычета   Код Сумма вычета
  108      6000.00    103       400.00                                        
4.5. Общая сумма предоставленных стандартных  налоговых вычетов        6400.00

 5. Общие суммы дохода и налога по итогам налогового периода:
┌────────────────────────────────────────────────────────────────┬────────────┐
│5.1. Общая сумма дохода                                         │  575911.89 │
├────────────────────────────────────────────────────────────────┼────────────┤
│5.2. Облагаемая сумма дохода                                    │  565511.89 │
├────────────────────────────────────────────────────────────────┼────────────┤
│5.3. Сумма налога исчисленная                                   │   73517    │
├────────────────────────────────────────────────────────────────┼────────────┤
│5.4. Сумма налога удержанная                                    │   73517    │
├────────────────────────────────────────────────────────────────┼────────────┤
│5.5. Сумма возврата налога по перерасчету с доходов прошлых лет │            │
├────────────────────────────────────────────────────────────────┼────────────┤
│5.6. Сумма, зачтенная при уплате налога по перер. с дох. пр. лет│            │
├────────────────────────────────────────────────────────────────┼────────────┤
│5.7. Сумма, удержанная при уплате налога по перер. с дох. пр.лет│            │
├────────────────────────────────────────────────────────────────┼────────────┤
│5.8. Задолженность по налогу за налогоплательщиком              │            │
├────────────────────────────────────────────────────────────────┼────────────┤
│5.9. Сумма налога, излишне удержанная налоговым агентом         │            │
├────────────────────────────────────────────────────────────────┼────────────┤
│5.10 Сумма налога, переданная на взыскание в налоговый орган    │            │
└────────────────────────────────────────────────────────────────┴────────────┘

Налоговый агент   БУХГАЛТЕР             ______________  /РОДИОНОВА Т. .      /
     М.П.             (должность)          (подпись)          (Ф.И.О.)

                                                 Утверждена Приказом ФНС РФ
                                                 от 13.10.2006 N САЭ-3-04/706@
                                                                  Форма 2-НДФЛ
СПРАВКА О ДОХОДАХ ФИЗИЧЕСКОГО ЛИЦА за 2009 год N  4 от 05.01.2010 в ИФНС N 7537

1.   ДАННЫЕ О НАЛОГОВОМ АГЕНТЕ
1.1. ИНН/КПП организации   7537002943/753601001
1.2. Наименование организации МУЗ ГОРОДСКАЯ ПОЛИКЛИНИКА 1                  

1.3. Код ОКАТО  76401000000                       1.4. Телефон  39 -51-36    
2.   ДАННЫЕ О ФИЗИЧЕСКОМ ЛИЦЕ - получателе дохода
2.1. ИНН 753611563846
2.2. Фамилия, Имя, Отчество                                               ТБН 
     РЫКОВА НАТАЛЬЯ ИВАНОВНА                                              2075
2.3. Статус 1    2.4. Дата рождения 13.10.1976 г.    2.5. Гражданство(код) 643
2.6. Код док-та, удост. личность - 21  2.7. Серия, N документа 76 97  030189  
2.8. Адрес постоянного места жительства в Российской Федерации:
     Почтовый индекс 672030 Код региона 75  Район                            
     Город ЧИТА Г                                  
     Населенный пункт ТЕКСТИЛЬЩИКОВ П                         
     Улица 5-Й МКР                                 
     Дом 28     Корпус    Квартира 59   

3. ДОХОДЫ, ОБЛАГАЕМЫЕ НАЛОГОМ ПО СТАВКЕ  13 % 

┌────┬──────┬──────────┬─────┬────────┐ ┌────┬──────┬──────────┬─────┬────────┐
│ Ме │ Код  │    Сумма │ Код │ Сумма  │ │ Ме │ Код  │    Сумма │ Код │ Сумма  │
│ сяц│дохода│    дохода│вычет│ вычета │ │ сяц│дохода│    дохода│вычет│ вычета │
├────┼──────┼──────────┼─────┼────────┤ ├────┼──────┼──────────┼─────┼────────┤
│ 01 │ 2000 │  59596.29│     │        │ │ 07 │ 2000 │  38487.52│     │        │
│ 02 │ 2000 │  39176.14│     │        │ │ 08 │ 2000 │  58375.34│     │        │
│ 03 │ 2000 │  50858.34│     │        │ │ 09 │ 2000 │  65375.34│     │        │
│ 04 │ 2000 │  40375.34│     │        │ │ 09 │ 2760 │   3000.00│     │     .00│
│ 05 │ 2000 │  28990.05│     │        │ │ 10 │ 2000 │  51384.34│     │        │
│ 05 │ 2012 │  82302.00│     │        │ │ 11 │ 2000 │  61861.09│     │        │
│ 05 │ 2760 │  23054.00│ 503 │ 4000.00│ │ 12 │ 2000 │  49737.00│     │        │
│ 06 │ 2000 │  11527.00│     │        │ │    │      │          │     │        │
└────┴──────┴──────────┴─────┴────────┘ └────┴──────┴──────────┴─────┴────────┘

4. СТАНДАРТНЫЕ и ИМУЩЕСТВЕННЫЕ НАЛОГОВЫЕ ВЫЧЕТЫ (по видам)
4.1. Суммы нал.вычетов, право на получение которых имеется у налогоплательщика
   Код Сумма вычета   Код Сумма вычета   Код Сумма вычета   Код Сумма вычета
  108      4000.00                                                            
4.5. Общая сумма предоставленных стандартных  налоговых вычетов        4000.00

 5. Общие суммы дохода и налога по итогам налогового периода:
┌────────────────────────────────────────────────────────────────┬────────────┐
│5.1. Общая сумма дохода                                         │  664099.79 │
├────────────────────────────────────────────────────────────────┼────────────┤
│5.2. Облагаемая сумма дохода                                    │  656099.79 │
├────────────────────────────────────────────────────────────────┼────────────┤
│5.3. Сумма налога исчисленная                                   │   85293    │
├────────────────────────────────────────────────────────────────┼────────────┤
│5.4. Сумма налога удержанная                                    │   85293    │
├────────────────────────────────────────────────────────────────┼────────────┤
│5.5. Сумма возврата налога по перерасчету с доходов прошлых лет │            │
├────────────────────────────────────────────────────────────────┼────────────┤
│5.6. Сумма, зачтенная при уплате налога по перер. с дох. пр. лет│            │
├────────────────────────────────────────────────────────────────┼────────────┤
│5.7. Сумма, удержанная при уплате налога по перер. с дох. пр.лет│            │
├────────────────────────────────────────────────────────────────┼────────────┤
│5.8. Задолженность по налогу за налогоплательщиком              │            │
├────────────────────────────────────────────────────────────────┼────────────┤
│5.9. Сумма налога, излишне удержанная налоговым агентом         │            │
├────────────────────────────────────────────────────────────────┼────────────┤
│5.10 Сумма налога, переданная на взыскание в налоговый орган    │            │
└────────────────────────────────────────────────────────────────┴────────────┘

Налоговый агент   БУХГАЛТЕР             ______________  /РОДИОНОВА Т. .      /
     М.П.             (должность)          (подпись)          (Ф.И.О.)
