                                                 Утверждена Приказом ФНС РФ
                                                 от 13.10.2006 N САЭ-3-04/706@
                                                                  Форма 2-НДФЛ
СПРАВКА О ДОХОДАХ ФИЗИЧЕСКОГО ЛИЦА за 2009 год N  1 от 18.01.2010 в ИФНС N 7610

1.   ДАННЫЕ О НАЛОГОВОМ АГЕНТЕ
1.1. ИНН/КПП организации   7610070202/761001001
1.2. Наименование организации:
     Управление градостроительства и архитектуры АГОГР           

1.3. Код ОКАТО  78415000000                       1.4. Телефон  4855-28-32-71
2.   ДАННЫЕ О ФИЗИЧЕСКОМ ЛИЦЕ - получателе дохода
2.1. ИНН 761004009927
2.2. Фамилия, Имя, Отчество                                               ТБН 
     Голубкина Лилия Анатольевна                                          0111
2.3. Статус 1    2.4. Дата рождения 31.10.1959 г.    2.5. Гражданство(код) 643
2.6. Код док-та, удост. личность - 21  2.7. Серия, N документа 78 04  426478  
2.8. Адрес постоянного места жительства в Российской Федерации:
     Почтовый индекс 152930 Код региона 76  Район                            
     Город Рыбинск Г                               
     Улица Ворошилова ул                           
     Дом 16     Корпус    Квартира 50   

3. ДОХОДЫ, ОБЛАГАЕМЫЕ НАЛОГОМ ПО СТАВКЕ  13 % 

┌────┬──────┬──────────┬─────┬────────┐ ┌────┬──────┬──────────┬─────┬────────┐
│ Ме │ Код  │    Сумма │ Код │ Сумма  │ │ Ме │ Код  │    Сумма │ Код │ Сумма  │
│ сяц│дохода│    дохода│вычет│ вычета │ │ сяц│дохода│    дохода│вычет│ вычета │
├────┼──────┼──────────┼─────┼────────┤ ├────┼──────┼──────────┼─────┼────────┤
│ 01 │ 2000 │  28641.60│     │        │ │ 06 │ 2000 │  28641.60│     │        │
│ 02 │ 2000 │  29132.89│     │        │ │ 07 │ 2000 │  47609.00│     │        │
│ 02 │ 2760 │   8950.50│ 503 │ 4000.00│ │ 08 │ 2000 │  15002.75│     │        │
│ 03 │ 2000 │  30641.60│     │        │ │ 09 │ 2000 │  28763.66│     │        │
│ 04 │ 2000 │  40517.12│     │        │ │ 10 │ 2000 │  68023.80│     │        │
│ 04 │ 2760 │   8950.50│     │     .00│ │ 11 │ 2000 │  30386.97│     │        │
│ 05 │ 2000 │  37592.10│     │        │ │ 12 │ 2000 │  38487.15│     │        │
└────┴──────┴──────────┴─────┴────────┘ └────┴──────┴──────────┴─────┴────────┘

4. СТАНДАРТНЫЕ и ИМУЩЕСТВЕННЫЕ НАЛОГОВЫЕ ВЫЧЕТЫ (по видам)
4.1. Суммы нал.вычетов, право на получение которых имеется у налогоплательщика
   Код Сумма вычета   Код Сумма вычета   Код Сумма вычета   Код Сумма вычета
  108      8000.00    103       400.00                                        
4.5. Общая сумма предоставленных стандартных  налоговых вычетов        8400.00

 5. Общие суммы дохода и налога по итогам налогового периода:
┌────────────────────────────────────────────────────────────────┬────────────┐
│5.1. Общая сумма дохода                                         │  441341.24 │
├────────────────────────────────────────────────────────────────┼────────────┤
│5.2. Облагаемая сумма дохода                                    │  428941.24 │
├────────────────────────────────────────────────────────────────┼────────────┤
│5.3. Сумма налога исчисленная                                   │   55762    │
├────────────────────────────────────────────────────────────────┼────────────┤
│5.4. Сумма налога удержанная                                    │   55762    │
├────────────────────────────────────────────────────────────────┼────────────┤
│5.5. Сумма возврата налога по перерасчету с доходов прошлых лет │            │
├────────────────────────────────────────────────────────────────┼────────────┤
│5.6. Сумма, зачтенная при уплате налога по перер. с дох. пр. лет│            │
├────────────────────────────────────────────────────────────────┼────────────┤
│5.7. Сумма, удержанная при уплате налога по перер. с дох. пр.лет│            │
├────────────────────────────────────────────────────────────────┼────────────┤
│5.8. Задолженность по налогу за налогоплательщиком              │            │
├────────────────────────────────────────────────────────────────┼────────────┤
│5.9. Сумма налога, излишне удержанная налоговым агентом         │            │
├────────────────────────────────────────────────────────────────┼────────────┤
│5.10 Сумма налога, переданная на взыскание в налоговый орган    │            │
└────────────────────────────────────────────────────────────────┴────────────┘

Налоговый агент   Гл.бухгалтер          ______________  /Голубкина Л.А.      /
     М.П.             (должность)          (подпись)          (Ф.И.О.)
