                                                 Утверждена Приказом ФНС РФ
                                                 от 13.10.2006 N САЭ-3-04/706@
                                                                  Форма 2-НДФЛ
СПРАВКА О ДОХОДАХ ФИЗИЧЕСКОГО ЛИЦА за 2009 год N  1 от 28.12.2009 в ИФНС N 5190

1.   ДАННЫЕ О НАЛОГОВОМ АГЕНТЕ
1.1. ИНН/КПП организации   5190100017/519950001
1.2. Наименование организации ФГУП "АРКТИКМОРНЕФТЕГАЗРАЗВЕДКА"             

1.3. Код ОКАТО  47401000000                       1.4. Телефон  8152-55-20-73
2.   ДАННЫЕ О ФИЗИЧЕСКОМ ЛИЦЕ - получателе дохода
2.1. ИНН 519042606230
2.2. Фамилия, Имя, Отчество                                               ТБН 
     БОЙКО АНАТОЛИЙ ВЛАДИМИРОВИЧ                                         01125
2.3. Статус 1    2.4. Дата рождения 26.10.1953 г.    2.5. Гражданство(код) 643
2.6. Код док-та, удост. личность - 21  2.7. Серия, N документа 47 03  753216  
2.8. Адрес постоянного места жительства в Российской Федерации:
     Почтовый индекс 183052 Код региона 51  Район                            
     Город МУРМАНСК Г                              
     Улица КОЛЬСКИЙ ПР-КТ                          
     Дом 212    Корпус    Квартира 69   

3. ДОХОДЫ, ОБЛАГАЕМЫЕ НАЛОГОМ ПО СТАВКЕ  13 % 

┌────┬──────┬──────────┬─────┬────────┐ ┌────┬──────┬──────────┬─────┬────────┐
│ Ме │ Код  │    Сумма │ Код │ Сумма  │ │ Ме │ Код  │    Сумма │ Код │ Сумма  │
│ сяц│дохода│    дохода│вычет│ вычета │ │ сяц│дохода│    дохода│вычет│ вычета │
├────┼──────┼──────────┼─────┼────────┤ ├────┼──────┼──────────┼─────┼────────┤
│ 01 │ 2000 │  39632.95│     │        │ │ 07 │ 2012 │    435.31│     │        │
│ 02 │ 2000 │  40647.47│     │        │ │ 08 │ 2000 │  47340.67│     │        │
│ 03 │ 2000 │  44078.58│     │        │ │ 09 │ 2000 │  47340.67│     │        │
│ 04 │ 2000 │  49726.05│     │        │ │ 09 │ 2012 │  16898.81│     │        │
│ 05 │ 2000 │  25768.56│     │        │ │ 10 │ 2000 │  34802.68│     │        │
│ 05 │ 2012 │  98693.45│     │        │ │ 10 │ 2012 │    101.39│     │        │
│ 06 │ 2000 │   7147.48│     │        │ │ 11 │ 2000 │  47624.72│     │        │
│ 07 │ 2000 │  31666.01│     │        │ │    │      │          │     │        │
└────┴──────┴──────────┴─────┴────────┘ └────┴──────┴──────────┴─────┴────────┘

4. СТАНДАРТНЫЕ и ИМУЩЕСТВЕННЫЕ НАЛОГОВЫЕ ВЫЧЕТЫ (по видам)
4.1. Суммы нал.вычетов, право на получение которых имеется у налогоплательщика
   Код Сумма вычета   Код Сумма вычета   Код Сумма вычета   Код Сумма вычета
  103       400.00    313   1040000.00                                        
4.2. Номер уведомления, подтверждающего право на имущественный вычет  680   
4.3. Дата выдачи  14.09.2009    4.4. Код ИФНС, выдавшей уведомление       5190
4.5. Общая сумма предоставленных стандартных  налоговых вычетов         400.00
4.6. Общая сумма предоставленных имущественных налоговых вычетов     531504.80

 5. Общие суммы дохода и налога по итогам налогового периода:
┌────────────────────────────────────────────────────────────────┬────────────┐
│5.1. Общая сумма дохода                                         │  531904.80 │
├────────────────────────────────────────────────────────────────┼────────────┤
│5.2. Облагаемая сумма дохода                                    │            │
├────────────────────────────────────────────────────────────────┼────────────┤
│5.3. Сумма налога исчисленная                                   │            │
├────────────────────────────────────────────────────────────────┼────────────┤
│5.4. Сумма налога удержанная                                    │            │
├────────────────────────────────────────────────────────────────┼────────────┤
│5.5. Сумма возврата налога по перерасчету с доходов прошлых лет │            │
├────────────────────────────────────────────────────────────────┼────────────┤
│5.6. Сумма, зачтенная при уплате налога по перер. с дох. пр. лет│            │
├────────────────────────────────────────────────────────────────┼────────────┤
│5.7. Сумма, удержанная при уплате налога по перер. с дох. пр.лет│            │
├────────────────────────────────────────────────────────────────┼────────────┤
│5.8. Задолженность по налогу за налогоплательщиком              │            │
├────────────────────────────────────────────────────────────────┼────────────┤
│5.9. Сумма налога, излишне удержанная налоговым агентом         │            │
├────────────────────────────────────────────────────────────────┼────────────┤
│5.10 Сумма налога, переданная на взыскание в налоговый орган    │            │
└────────────────────────────────────────────────────────────────┴────────────┘

Налоговый агент    Главный бухгалтер    ______________  /МАРКОВНИНА О.О.     /
     М.П.             (должность)          (подпись)          (Ф.И.О.)

                                                 Утверждена Приказом ФНС РФ
                                                 от 13.10.2006 N САЭ-3-04/706@
                                                                  Форма 2-НДФЛ
СПРАВКА О ДОХОДАХ ФИЗИЧЕСКОГО ЛИЦА за 2009 год N  2 от 28.12.2009 в ИФНС N 5190

1.   ДАННЫЕ О НАЛОГОВОМ АГЕНТЕ
1.1. ИНН/КПП организации   5190100017/519950001
1.2. Наименование организации ФГУП "АРКТИКМОРНЕФТЕГАЗРАЗВЕДКА"             

1.3. Код ОКАТО  47401000000                       1.4. Телефон  8152-55-20-73
2.   ДАННЫЕ О ФИЗИЧЕСКОМ ЛИЦЕ - получателе дохода
2.1. ИНН 519012341428
2.2. Фамилия, Имя, Отчество                                               ТБН 
     ЧУГАЕВА ЕЛЕНА ВЛАДИМИРОВНА                                          01138
2.3. Статус 1    2.4. Дата рождения 21.01.1965 г.    2.5. Гражданство(код) 643
2.6. Код док-та, удост. личность - 21  2.7. Серия, N документа 47 00  115456  
2.8. Адрес постоянного места жительства в Российской Федерации:
     Почтовый индекс 183032 Код региона 51  Район                            
     Город МУРМАНСК Г                              
     Улица КОЛЬСКИЙ ПР-КТ                          
     Дом 10общ  Корпус    Квартира 703  

3. ДОХОДЫ, ОБЛАГАЕМЫЕ НАЛОГОМ ПО СТАВКЕ  13 % 

┌────┬──────┬──────────┬─────┬────────┐ ┌────┬──────┬──────────┬─────┬────────┐
│ Ме │ Код  │    Сумма │ Код │ Сумма  │ │ Ме │ Код  │    Сумма │ Код │ Сумма  │
│ сяц│дохода│    дохода│вычет│ вычета │ │ сяц│дохода│    дохода│вычет│ вычета │
├────┼──────┼──────────┼─────┼────────┤ ├────┼──────┼──────────┼─────┼────────┤
│ 01 │ 2000 │  37459.92│     │        │ │ 08 │ 2000 │  28625.60│     │        │
│ 02 │ 2000 │  18769.07│     │        │ │ 08 │ 2012 │   2426.81│     │        │
│ 02 │ 2012 │  23404.31│     │        │ │ 09 │ 2000 │  25988.18│     │        │
│ 03 │ 2000 │  17068.01│     │        │ │ 09 │ 2012 │  10826.47│     │        │
│ 04 │ 2000 │  29738.75│     │        │ │ 10 │ 2000 │  27679.13│     │        │
│ 04 │ 2012 │   2472.36│     │        │ │ 10 │ 2012 │   1226.31│     │        │
│ 05 │ 2000 │  34594.60│     │        │ │ 11 │ 2000 │  28221.47│     │        │
│ 05 │ 2012 │   6070.79│     │        │ │ 11 │ 2012 │  17910.79│     │        │
│ 06 │ 2000 │  25908.88│     │        │ │ 11 │ 2760 │   3161.00│ 503 │ 3161.00│
│ 07 │ 2000 │  35556.25│     │        │ │ 12 │ 2000 │  26658.34│     │        │
└────┴──────┴──────────┴─────┴────────┘ └────┴──────┴──────────┴─────┴────────┘

4. СТАНДАРТНЫЕ и ИМУЩЕСТВЕННЫЕ НАЛОГОВЫЕ ВЫЧЕТЫ (по видам)
4.1. Суммы нал.вычетов, право на получение которых имеется у налогоплательщика
   Код Сумма вычета   Код Сумма вычета   Код Сумма вычета   Код Сумма вычета
  103       400.00                                                            
4.5. Общая сумма предоставленных стандартных  налоговых вычетов         400.00

 5. Общие суммы дохода и налога по итогам налогового периода:
┌────────────────────────────────────────────────────────────────┬────────────┐
│5.1. Общая сумма дохода                                         │  403767.04 │
├────────────────────────────────────────────────────────────────┼────────────┤
│5.2. Облагаемая сумма дохода                                    │  400206.04 │
├────────────────────────────────────────────────────────────────┼────────────┤
│5.3. Сумма налога исчисленная                                   │   52027    │
├────────────────────────────────────────────────────────────────┼────────────┤
│5.4. Сумма налога удержанная                                    │   52027    │
├────────────────────────────────────────────────────────────────┼────────────┤
│5.7. Сумма, удержанная при уплате налога по перер. с дох. пр.лет│     232    │
├────────────────────────────────────────────────────────────────┼────────────┤
│5.8. Задолженность по налогу за налогоплательщиком              │            │
├────────────────────────────────────────────────────────────────┼────────────┤
│5.9. Сумма налога, излишне удержанная налоговым агентом         │            │
├────────────────────────────────────────────────────────────────┼────────────┤
│5.10 Сумма налога, переданная на взыскание в налоговый орган    │            │
└────────────────────────────────────────────────────────────────┴────────────┘

Налоговый агент    Главный бухгалтер    ______________  /МАРКОВНИНА О.О.     /
     М.П.             (должность)          (подпись)          (Ф.И.О.)

                                                 Утверждена Приказом ФНС РФ
                                                 от 13.10.2006 N САЭ-3-04/706@
                                                                  Форма 2-НДФЛ
СПРАВКА О ДОХОДАХ ФИЗИЧЕСКОГО ЛИЦА за 2009 год N  3 от 28.12.2009 в ИФНС N 5190

1.   ДАННЫЕ О НАЛОГОВОМ АГЕНТЕ
1.1. ИНН/КПП организации   5190100017/519950001
1.2. Наименование организации ФГУП "АРКТИКМОРНЕФТЕГАЗРАЗВЕДКА"             

1.3. Код ОКАТО  47401000000                       1.4. Телефон  8152-55-20-73
2.   ДАННЫЕ О ФИЗИЧЕСКОМ ЛИЦЕ - получателе дохода
2.1. ИНН 519012341428
2.2. Фамилия, Имя, Отчество                                               ТБН 
     ЧУГАЕВА ЕЛЕНА ВЛАДИМИРОВНА                                          01138
2.3. Статус 1    2.4. Дата рождения 21.01.1965 г.    2.5. Гражданство(код) 643
2.6. Код док-та, удост. личность - 21  2.7. Серия, N документа 47 00  115456  
2.8. Адрес постоянного места жительства в Российской Федерации:
     Почтовый индекс 183032 Код региона 51  Район                            
     Город МУРМАНСК Г                              
     Улица КОЛЬСКИЙ ПР-КТ                          
     Дом 10общ  Корпус    Квартира 703  

3. ДОХОДЫ, ОБЛАГАЕМЫЕ НАЛОГОМ ПО СТАВКЕ  35 % 
┌────┬──────┬──────────┬─────┬────────┐ ┌────┬──────┬──────────┬─────┬────────┐
│ Ме │ Код  │    Сумма │ Код │ Сумма  │ │ Ме │ Код  │    Сумма │ Код │ Сумма  │
│ сяц│дохода│    дохода│вычет│ вычета │ │ сяц│дохода│    дохода│вычет│ вычета │
├────┼──────┼──────────┼─────┼────────┤ ├────┼──────┼──────────┼─────┼────────┤
│ 01 │ 2610 │    736.07│     │        │ │ 07 │ 2610 │    389.27│     │        │
│ 02 │ 2610 │    623.29│     │        │ │ 08 │ 2610 │    342.38│     │        │
│ 03 │ 2610 │    644.06│     │        │ │ 09 │ 2610 │    287.67│     │        │
│ 04 │ 2610 │    556.51│     │        │ │ 10 │ 2610 │    247.72│     │        │
│ 05 │ 2610 │    530.82│     │        │ │ 11 │ 2610 │    195.20│     │        │
│ 06 │ 2610 │    452.05│     │        │ │    │      │          │     │        │
└────┴──────┴──────────┴─────┴────────┘ └────┴──────┴──────────┴─────┴────────┘

 5. Общие суммы дохода и налога по итогам налогового периода:
┌────────────────────────────────────────────────────────────────┬────────────┐
│5.1. Общая сумма дохода                                         │    5005.04 │
├────────────────────────────────────────────────────────────────┼────────────┤
│5.2. Облагаемая сумма дохода                                    │    5005.04 │
├────────────────────────────────────────────────────────────────┼────────────┤
│5.3. Сумма налога исчисленная                                   │    1752    │
├────────────────────────────────────────────────────────────────┼────────────┤
│5.4. Сумма налога удержанная                                    │    1752    │
└────────────────────────────────────────────────────────────────┴────────────┘

Налоговый агент           /МАРКОВНИНА О.О.     / Дата составления 28.12.2009 г


         М.П.

                                                 Утверждена Приказом ФНС РФ
                                                 от 13.10.2006 N САЭ-3-04/706@
                                                                  Форма 2-НДФЛ
СПРАВКА О ДОХОДАХ ФИЗИЧЕСКОГО ЛИЦА за 2009 год N  4 от 28.12.2009 в ИФНС N 5190

1.   ДАННЫЕ О НАЛОГОВОМ АГЕНТЕ
1.1. ИНН/КПП организации   5190100017/519950001
1.2. Наименование организации ФГУП "АРКТИКМОРНЕФТЕГАЗРАЗВЕДКА"             

1.3. Код ОКАТО  47401000000                       1.4. Телефон  8152-55-20-73
2.   ДАННЫЕ О ФИЗИЧЕСКОМ ЛИЦЕ - получателе дохода
2.1. ИНН 519043872281
2.2. Фамилия, Имя, Отчество                                               ТБН 
     ФЕДОТКОВ АЛЕКСАНДР АНАТОЛЬЕВИЧ                                      14120
2.3. Статус 1    2.4. Дата рождения 30.04.1956 г.    2.5. Гражданство(код) 643
2.6. Код док-та, удост. личность - 21  2.7. Серия, N документа 47 01  301284  
2.8. Адрес постоянного места жительства в Российской Федерации:
     Почтовый индекс 183040 Код региона 51  Район                            
     Город МУРМАНСК Г                              
     Улица ХАЛАТИНА УЛ                             
     Дом 19     Корпус    Квартира 57   

3. ДОХОДЫ, ОБЛАГАЕМЫЕ НАЛОГОМ ПО СТАВКЕ  13 % 

┌────┬──────┬──────────┬─────┬────────┐ ┌────┬──────┬──────────┬─────┬────────┐
│ Ме │ Код  │    Сумма │ Код │ Сумма  │ │ Ме │ Код  │    Сумма │ Код │ Сумма  │
│ сяц│дохода│    дохода│вычет│ вычета │ │ сяц│дохода│    дохода│вычет│ вычета │
├────┼──────┼──────────┼─────┼────────┤ ├────┼──────┼──────────┼─────┼────────┤
│ 01 │ 2000 │  91198.70│     │        │ │ 07 │ 2000 │  50415.73│     │        │
│ 02 │ 2000 │  82972.07│     │        │ │ 07 │ 2012 │     60.86│     │        │
│ 03 │ 2000 │  63343.50│     │        │ │ 08 │ 2000 │  87216.71│     │        │
│ 04 │ 2000 │  29538.53│     │        │ │ 09 │ 2000 │  87216.71│     │        │
│ 05 │ 2000 │   9763.94│     │        │ │ 10 │ 2000 │  87260.18│     │        │
│ 05 │ 2012 │ 146599.54│     │        │ │ 11 │ 2000 │  60100.98│     │        │
│ 06 │ 2000 │   3188.55│     │        │ │    │      │          │     │        │
└────┴──────┴──────────┴─────┴────────┘ └────┴──────┴──────────┴─────┴────────┘

4.5. Общая сумма предоставленных стандартных  налоговых вычетов           0.00

 5. Общие суммы дохода и налога по итогам налогового периода:
┌────────────────────────────────────────────────────────────────┬────────────┐
│5.1. Общая сумма дохода                                         │  798876.00 │
├────────────────────────────────────────────────────────────────┼────────────┤
│5.2. Облагаемая сумма дохода                                    │  798876.00 │
├────────────────────────────────────────────────────────────────┼────────────┤
│5.3. Сумма налога исчисленная                                   │  103854    │
├────────────────────────────────────────────────────────────────┼────────────┤
│5.4. Сумма налога удержанная                                    │  103854    │
├────────────────────────────────────────────────────────────────┼────────────┤
│5.7. Сумма, удержанная при уплате налога по перер. с дох. пр.лет│      52    │
├────────────────────────────────────────────────────────────────┼────────────┤
│5.8. Задолженность по налогу за налогоплательщиком              │            │
├────────────────────────────────────────────────────────────────┼────────────┤
│5.9. Сумма налога, излишне удержанная налоговым агентом         │            │
├────────────────────────────────────────────────────────────────┼────────────┤
│5.10 Сумма налога, переданная на взыскание в налоговый орган    │            │
└────────────────────────────────────────────────────────────────┴────────────┘

Налоговый агент    Главный бухгалтер    ______________  /МАРКОВНИНА О.О.     /
     М.П.             (должность)          (подпись)          (Ф.И.О.)

                                                 Утверждена Приказом ФНС РФ
                                                 от 13.10.2006 N САЭ-3-04/706@
                                                                  Форма 2-НДФЛ
СПРАВКА О ДОХОДАХ ФИЗИЧЕСКОГО ЛИЦА за 2009 год N  5 от 28.12.2009 в ИФНС N 5190

1.   ДАННЫЕ О НАЛОГОВОМ АГЕНТЕ
1.1. ИНН/КПП организации   5190100017/519950001
1.2. Наименование организации ФГУП "АРКТИКМОРНЕФТЕГАЗРАЗВЕДКА"             

1.3. Код ОКАТО  47401000000                       1.4. Телефон  8152-55-20-73
2.   ДАННЫЕ О ФИЗИЧЕСКОМ ЛИЦЕ - получателе дохода
2.1. ИНН 519043872281
2.2. Фамилия, Имя, Отчество                                               ТБН 
     ФЕДОТКОВ АЛЕКСАНДР АНАТОЛЬЕВИЧ                                      14120
2.3. Статус 1    2.4. Дата рождения 30.04.1956 г.    2.5. Гражданство(код) 643
2.6. Код док-та, удост. личность - 21  2.7. Серия, N документа 47 01  301284  
2.8. Адрес постоянного места жительства в Российской Федерации:
     Почтовый индекс 183040 Код региона 51  Район                            
     Город МУРМАНСК Г                              
     Улица ХАЛАТИНА УЛ                             
     Дом 19     Корпус    Квартира 57   

3. ДОХОДЫ, ОБЛАГАЕМЫЕ НАЛОГОМ ПО СТАВКЕ  35 % 
┌────┬──────┬──────────┬─────┬────────┐ ┌────┬──────┬──────────┬─────┬────────┐
│ Ме │ Код  │    Сумма │ Код │ Сумма  │ │ Ме │ Код  │    Сумма │ Код │ Сумма  │
│ сяц│дохода│    дохода│вычет│ вычета │ │ сяц│дохода│    дохода│вычет│ вычета │
├────┼──────┼──────────┼─────┼────────┤ ├────┼──────┼──────────┼─────┼────────┤
│ 01 │ 2610 │    426.92│     │        │ │ 05 │ 2610 │    172.69│     │        │
│ 02 │ 2610 │    329.76│     │        │ │ 06 │ 2610 │     49.97│     │        │
│ 03 │ 2610 │    303.26│     │        │ │ 07 │ 2610 │     47.34│     │        │
│ 04 │ 2610 │    224.66│     │        │ │    │      │          │     │        │
└────┴──────┴──────────┴─────┴────────┘ └────┴──────┴──────────┴─────┴────────┘

 5. Общие суммы дохода и налога по итогам налогового периода:
┌────────────────────────────────────────────────────────────────┬────────────┐
│5.1. Общая сумма дохода                                         │    1554.60 │
├────────────────────────────────────────────────────────────────┼────────────┤
│5.2. Облагаемая сумма дохода                                    │    1554.60 │
├────────────────────────────────────────────────────────────────┼────────────┤
│5.3. Сумма налога исчисленная                                   │     544    │
├────────────────────────────────────────────────────────────────┼────────────┤
│5.4. Сумма налога удержанная                                    │     544    │
└────────────────────────────────────────────────────────────────┴────────────┘

Налоговый агент           /МАРКОВНИНА О.О.     / Дата составления 28.12.2009 г


         М.П.

                                                 Утверждена Приказом ФНС РФ
                                                 от 13.10.2006 N САЭ-3-04/706@
                                                                  Форма 2-НДФЛ
СПРАВКА О ДОХОДАХ ФИЗИЧЕСКОГО ЛИЦА за 2009 год N  6 от 28.12.2009 в ИФНС N 5190

1.   ДАННЫЕ О НАЛОГОВОМ АГЕНТЕ
1.1. ИНН/КПП организации   5190100017/519950001
1.2. Наименование организации ФГУП "АРКТИКМОРНЕФТЕГАЗРАЗВЕДКА"             

1.3. Код ОКАТО  47401000000                       1.4. Телефон  8152-55-20-73
2.   ДАННЫЕ О ФИЗИЧЕСКОМ ЛИЦЕ - получателе дохода
2.1. ИНН             
2.2. Фамилия, Имя, Отчество                                               ТБН 
     ГРИБИННИК ЯРЕМА ДМИТРИЕВИЧ                                           2025
2.3. Статус 2    2.4. Дата рождения 07.03.1955 г.    2.5. Гражданство(код) 804
2.6. Код док-та, удост. личность - 10  2.7. Серия, N документа ЕЕ     063978  
2.8. Адрес постоянного места жительства в Российской Федерации:
     Почтовый индекс 183038 Код региона 51  Район                            
     Улица                                         
     Дом        Корпус    Квартира      

2.9. Адрес в стране проживания: Код страны 804
     284000 Ивано-Франковская обл Тысменица г Монастырская ул д.107           

3. ДОХОДЫ, ОБЛАГАЕМЫЕ НАЛОГОМ ПО СТАВКЕ  30 % 

┌────┬──────┬──────────┬─────┬────────┐ ┌────┬──────┬──────────┬─────┬────────┐
│ Ме │ Код  │    Сумма │ Код │ Сумма  │ │ Ме │ Код  │    Сумма │ Код │ Сумма  │
│ сяц│дохода│    дохода│вычет│ вычета │ │ сяц│дохода│    дохода│вычет│ вычета │
├────┼──────┼──────────┼─────┼────────┤ ├────┼──────┼──────────┼─────┼────────┤
│ 06 │ 2000 │ 140796.00│     │        │ │ 09 │ 2000 │ 107442.37│     │        │
│ 07 │ 2000 │  97627.30│     │        │ │ 10 │ 2000 │  95388.29│     │        │
│ 08 │ 2000 │  99356.43│     │        │ │ 11 │ 2000 │  84093.83│     │        │
└────┴──────┴──────────┴─────┴────────┘ └────┴──────┴──────────┴─────┴────────┘

4.5. Общая сумма предоставленных стандартных  налоговых вычетов           0.00

 5. Общие суммы дохода и налога по итогам налогового периода:
┌────────────────────────────────────────────────────────────────┬────────────┐
│5.1. Общая сумма дохода                                         │  624704.22 │
├────────────────────────────────────────────────────────────────┼────────────┤
│5.2. Облагаемая сумма дохода                                    │  624704.22 │
├────────────────────────────────────────────────────────────────┼────────────┤
│5.3. Сумма налога исчисленная                                   │  187411    │
├────────────────────────────────────────────────────────────────┼────────────┤
│5.4. Сумма налога удержанная                                    │  187411    │
├────────────────────────────────────────────────────────────────┼────────────┤
│5.5. Сумма возврата налога по перерасчету с доходов прошлых лет │            │
├────────────────────────────────────────────────────────────────┼────────────┤
│5.6. Сумма, зачтенная при уплате налога по перер. с дох. пр. лет│            │
├────────────────────────────────────────────────────────────────┼────────────┤
│5.7. Сумма, удержанная при уплате налога по перер. с дох. пр.лет│            │
├────────────────────────────────────────────────────────────────┼────────────┤
│5.8. Задолженность по налогу за налогоплательщиком              │            │
├────────────────────────────────────────────────────────────────┼────────────┤
│5.9. Сумма налога, излишне удержанная налоговым агентом         │            │
├────────────────────────────────────────────────────────────────┼────────────┤
│5.10 Сумма налога, переданная на взыскание в налоговый орган    │            │
└────────────────────────────────────────────────────────────────┴────────────┘

Налоговый агент    Главный бухгалтер    ______________  /МАРКОВНИНА О.О.     /
     М.П.             (должность)          (подпись)          (Ф.И.О.)
