                                                    Утверждена Приказом ФНС РФ
                                                  от 17.11.2010 N ММВ-7-3/611@
                                                                  Форма 2-НДФЛ
                                                      Код формы по КНД 1151078
                                                                     признак 1
СПРАВКА О ДОХОДАХ ФИЗИЧЕСКОГО ЛИЦА за 2010 год N  1 от 02.05.2011  в ИФНС 3414

1.   ДАННЫЕ О НАЛОГОВОМ АГЕНТЕ
1.1. ИНН/КПП организации   3442068160/343931001
1.2. Наименование организации ООО "Волганефтемаш" ЦБПО                     

1.3. Код ОКАТО  18428000000                       1.4. Телефон  84465-2-43-52
2.   ДАННЫЕ О ФИЗИЧЕСКОМ ЛИЦЕ - получателе дохода
2.1. ИНН 341400082074
2.2. Фамилия, Имя, Отчество                                               ТБН 
     Орешкина Елена Алексеевна                                            1006
2.3. Статус 1    2.4. Дата рождения 26.10.1960 г.    2.5. Гражданство(код) 643
2.6. Код док-та, удост. личность - 21  2.7. Серия, N документа 18 05  719381  
2.8. Адрес постоянного места жительства в Российской Федерации:
     Почтовый индекс 403805 Код региона 34  Район                           
     Город Котово г                                
     Улица Победы ул                               
     Дом 11     Корпус    Квартира 46   

3. ДОХОДЫ, ОБЛАГАЕМЫЕ НАЛОГОМ ПО СТАВКЕ  13 % 

┌────┬──────┬──────────┬─────┬────────┐ ┌────┬──────┬──────────┬─────┬────────┐
│ Ме │ Код  │    Сумма │ Код │ Сумма  │ │ Ме │ Код  │    Сумма │ Код │ Сумма  │
│ сяц│дохода│    дохода│вычет│ вычета │ │ сяц│дохода│    дохода│вычет│ вычета │
├────┼──────┼──────────┼─────┼────────┤ ├────┼──────┼──────────┼─────┼────────┤
│ 01 │ 2000 │   7808.92│     │        │ │ 07 │ 2000 │   7592.14│     │        │
│ 01 │ 2012 │   7169.27│     │        │ │ 08 │ 2000 │   8234.22│     │        │
│ 02 │ 2000 │    603.92│     │        │ │ 09 │ 2000 │   7485.95│     │        │
│ 03 │ 2000 │   6731.66│     │        │ │ 10 │ 2000 │  10461.51│     │        │
│ 04 │ 2000 │   6895.31│     │        │ │ 11 │ 2000 │   7968.20│     │        │
│ 05 │ 2000 │   7665.13│     │        │ │ 12 │ 2000 │  15601.64│     │        │
│ 06 │ 2000 │   7530.20│     │        │ │    │      │          │     │        │
└────┴──────┴──────────┴─────┴────────┘ └────┴──────┴──────────┴─────┴────────┘

4. Стандартные, социальные и имущественные налоговые вычеты:
4.1. Суммы предоставленных налогоплательщику налоговых вычетов
  Код Сумма вычета   Код Сумма вычета   Код Сумма вычета   Код Сумма вычета
  103      2000.00    311     99748.07                                        
4.2. N уведомления, подтверждающего право на имущественный нал.вычет  4816  
4.3. Дата выдачи  17.02.2011    4.4. Код ИФНС, выдавшей уведомление       3453

 5. Общие суммы дохода и налога по итогам налогового периода:
┌────────────────────────────────────────────────────────────────┬────────────┐
│5.1. Общая сумма дохода                                         │  101748.07 │
├────────────────────────────────────────────────────────────────┼────────────┤
│5.2. Налоговая база                                             │            │
├────────────────────────────────────────────────────────────────┼────────────┤
│5.3. Сумма налога исчисленная                                   │            │
├────────────────────────────────────────────────────────────────┼────────────┤
│5.4. Сумма налога удержанная                                    │            │
├────────────────────────────────────────────────────────────────┼────────────┤
│5.5. Сумма налога перечисленная*                                │            │
├────────────────────────────────────────────────────────────────┼────────────┤
│5.6. Сумма налога, излишне удержанная налоговым агентом         │            │
├────────────────────────────────────────────────────────────────┼────────────┤
│5.7. Сумма налога, не удержанная налоговым агентом              │            │
└────────────────────────────────────────────────────────────────┴────────────┘
* Настоящий пункт заполняется в отношении сумм налога начиная с 2011 года

Налоговый агент   Бухгалтеp             ______________  /Белоножкина С.А.    /
     М.П.             (должность)          (подпись)          (Ф.И.О.)
