                                                 Утверждена Приказом ФНС РФ
                                                 от 13.10.2006 N САЭ-3-04/706@
                                                                  Форма 2-НДФЛ
СПРАВКА О ДОХОДАХ ФИЗИЧЕСКОГО ЛИЦА за 2009 год N  1 от 26.02.2010 в ИФНС N 7536

1.   ДАННЫЕ О НАЛОГОВОМ АГЕНТЕ
1.1. ИНН/КПП организации   7536002490/753601001
1.2. Наименование организации:
     ЗАБАЙКАЛЬСКАЯ КРАЕВАЯ ОРГАНИЗАЦИЯ ПРОФСОЮЗОВ ЗДРАВООХРАНЕНИЯ

1.3. Код ОКАТО  76401000000                       1.4. Телефон  32 -45-68
2.   ДАННЫЕ О ФИЗИЧЕСКОМ ЛИЦЕ - получателе дохода
2.1. ИНН 753600528800
2.2. Фамилия, Имя, Отчество                                               ТБН
     КУЛИНЧЕНКО НАДЕЖДА ИВАНОВНА                                          0101
2.3. Статус 1    2.4. Дата рождения 21.08.1944 г.    2.5. Гражданство(код) 643
2.6. Код док-та, удост. личность - 21  2.7. Серия, N документа 76 00  261720
2.8. Адрес постоянного места жительства в Российской Федерации:
     Почтовый индекс 672000 Код региона 75  Район
     Город Чита г
     Улица Анохина ул
     Дом 93     Корпус    Квартира 27

3. ДОХОДЫ, ОБЛАГАЕМЫЕ НАЛОГОМ ПО СТАВКЕ  13 %

┌────┬──────┬──────────┬─────┬────────┐ ┌────┬──────┬──────────┬─────┬────────┐
│ Ме │ Код  │    Сумма │ Код │ Сумма  │ │ Ме │ Код  │    Сумма │ Код │ Сумма  │
│ сяц│дохода│    дохода│вычет│ вычета │ │ сяц│дохода│    дохода│вычет│ вычета │
├────┼──────┼──────────┼─────┼────────┤ ├────┼──────┼──────────┼─────┼────────┤
│ 01 │ 2000 │  69653.00│     │        │ │ 07 │ 2012 │ 120264.03│     │        │
│ 02 │ 2000 │  69653.00│     │        │ │ 07 │ 2760 │  61822.00│ 503 │ 4000.00│
│ 03 │ 2000 │  69653.00│     │        │ │ 08 │ 2000 │  69053.00│     │        │
│ 04 │ 2000 │  69653.00│     │        │ │ 09 │ 2000 │  69653.00│     │        │
│ 05 │ 2000 │  69653.00│     │        │ │ 10 │ 2000 │  69653.00│     │        │
│ 06 │ 2000 │  69653.00│     │        │ │ 11 │ 2000 │  69653.00│     │        │
│ 07 │ 2000 │  69653.00│     │        │ │ 12 │ 2000 │ 147834.94│     │        │
└────┴──────┴──────────┴─────┴────────┘ └────┴──────┴──────────┴─────┴────────┘

4.5. Общая сумма предоставленных стандартных  налоговых вычетов           0.00

 5. Общие суммы дохода и налога по итогам налогового периода:
┌────────────────────────────────────────────────────────────────┬────────────┐
│5.1. Общая сумма дохода                                         │ 1095503.97 │
├────────────────────────────────────────────────────────────────┼────────────┤
│5.2. Облагаемая сумма дохода                                    │ 1091503.97 │
├────────────────────────────────────────────────────────────────┼────────────┤
│5.3. Сумма налога исчисленная                                   │  141896    │
├────────────────────────────────────────────────────────────────┼────────────┤
│5.4. Сумма налога удержанная                                    │  141896    │
├────────────────────────────────────────────────────────────────┼────────────┤
│5.5. Сумма возврата налога по перерасчету с доходов прошлых лет │            │
├────────────────────────────────────────────────────────────────┼────────────┤
│5.6. Сумма, зачтенная при уплате налога по перер. с дох. пр. лет│            │
├────────────────────────────────────────────────────────────────┼────────────┤
│5.7. Сумма, удержанная при уплате налога по перер. с дох. пр.лет│            │
├────────────────────────────────────────────────────────────────┼────────────┤
│5.8. Задолженность по налогу за налогоплательщиком              │            │
├────────────────────────────────────────────────────────────────┼────────────┤
│5.9. Сумма налога, излишне удержанная налоговым агентом         │            │
├────────────────────────────────────────────────────────────────┼────────────┤
│5.10 Сумма налога, переданная на взыскание в налоговый орган    │            │
└────────────────────────────────────────────────────────────────┴────────────┘

Налоговый агент   Гл.бухгалтеp          ______________  /Сосновская Е.А.     /
     М.П.             (должность)          (подпись)          (Ф.И.О.)

                                                 Утверждена Приказом ФНС РФ
                                                 от 13.10.2006 N САЭ-3-04/706@
                                                                  Форма 2-НДФЛ
СПРАВКА О ДОХОДАХ ФИЗИЧЕСКОГО ЛИЦА за 2009 год N  2 от 26.02.2010 в ИФНС N 7536

1.   ДАННЫЕ О НАЛОГОВОМ АГЕНТЕ
1.1. ИНН/КПП организации   7536002490/753601001
1.2. Наименование организации: ЗАБАЙКАЛЬСКАЯ КРАЕВАЯ ОРГАНИЗАЦИЯ ПРОФСОЮЗОВ

1.3. Код ОКАТО  76401000000                       1.4. Телефон  32 -45-68
2.   ДАННЫЕ О ФИЗИЧЕСКОМ ЛИЦЕ - получателе дохода
2.1. ИНН 753610871622
2.2. Фамилия, Имя, Отчество                                               ТБН
     НАЗАРОВА ОЛЬГА АНАТОЛЬЕВНА                                           0102
2.3. Статус 1    2.4. Дата рождения 15.01.1964 г.    2.5. Гражданство(код) 643
2.6. Код док-та, удост. личность - 21  2.7. Серия, N документа 76 08  394714
2.8. Адрес постоянного места жительства в Российской Федерации:
     Почтовый индекс 672000 Код региона 75  Район
     Город Чита г
     Улица Курнатовского ул
     Дом 27     Корпус    Квартира 7

3. ДОХОДЫ, ОБЛАГАЕМЫЕ НАЛОГОМ ПО СТАВКЕ  13 %

┌────┬──────┬──────────┬─────┬────────┐ ┌────┬──────┬──────────┬─────┬────────┐
│ Ме │ Код  │    Сумма │ Код │ Сумма  │ │ Ме │ Код  │    Сумма │ Код │ Сумма  │
│ сяц│дохода│    дохода│вычет│ вычета │ │ сяц│дохода│    дохода│вычет│ вычета │
├────┼──────┼──────────┼─────┼────────┤ ├────┼──────┼──────────┼─────┼────────┤
│ 01 │ 2000 │  42502.74│     │        │ │ 08 │ 2000 │  27766.64│     │        │
│ 02 │ 2000 │  42502.74│     │        │ │ 08 │ 2760 │  46365.00│ 503 │ 4000.00│
│ 03 │ 2000 │  33897.07│     │        │ │ 09 │ 2000 │  28979.13│     │        │
│ 04 │ 2000 │  42502.74│     │        │ │ 09 │ 2012 │  14736.10│     │        │
│ 05 │ 2000 │  42502.74│     │        │ │ 10 │ 2000 │  11591.65│     │        │
│ 06 │ 2000 │  42502.74│     │        │ │ 10 │ 2012 │  25095.46│     │        │
│ 07 │ 2000 │  42502.74│     │        │ │ 11 │ 2000 │  42502.00│     │        │
│ 07 │ 2012 │  31861.44│     │        │ │ 12 │ 2000 │  71439.36│     │        │
└────┴──────┴──────────┴─────┴────────┘ └────┴──────┴──────────┴─────┴────────┘

4.5. Общая сумма предоставленных стандартных  налоговых вычетов           0.00

 5. Общие суммы дохода и налога по итогам налогового периода:
┌────────────────────────────────────────────────────────────────┬────────────┐
│5.1. Общая сумма дохода                                         │  589250.29 │
├────────────────────────────────────────────────────────────────┼────────────┤
│5.2. Облагаемая сумма дохода                                    │  585250.29 │
├────────────────────────────────────────────────────────────────┼────────────┤
│5.3. Сумма налога исчисленная                                   │   76083    │
├────────────────────────────────────────────────────────────────┼────────────┤
│5.4. Сумма налога удержанная                                    │   76083    │
├────────────────────────────────────────────────────────────────┼────────────┤
│5.5. Сумма возврата налога по перерасчету с доходов прошлых лет │            │
├────────────────────────────────────────────────────────────────┼────────────┤
│5.6. Сумма, зачтенная при уплате налога по перер. с дох. пр. лет│            │
├────────────────────────────────────────────────────────────────┼────────────┤
│5.7. Сумма, удержанная при уплате налога по перер. с дох. пр.лет│            │
├────────────────────────────────────────────────────────────────┼────────────┤
│5.8. Задолженность по налогу за налогоплательщиком              │            │
├────────────────────────────────────────────────────────────────┼────────────┤
│5.9. Сумма налога, излишне удержанная налоговым агентом         │            │
├────────────────────────────────────────────────────────────────┼────────────┤
│5.10 Сумма налога, переданная на взыскание в налоговый орган    │            │
└────────────────────────────────────────────────────────────────┴────────────┘

Налоговый агент   Гл.бухгалтеp          ______________  /Сосновская Е.А.     /
     М.П.             (должность)          (подпись)          (Ф.И.О.)
