                                                 Утверждена Приказом ФНС РФ
                                                 от 13.10.2006 N САЭ-3-04/706@
                                                                  Форма 2-НДФЛ
СПРАВКА О ДОХОДАХ ФИЗИЧЕСКОГО ЛИЦА за 2009 год N  1 от 13.12.2009 в ИФНС N 5190

1.   ДАННЫЕ О НАЛОГОВОМ АГЕНТЕ
1.1. ИНН/КПП организации   5190309146/519001001
1.2. Наименование организации ООО 'АСОТ-ЦЕНТР CЕРВИС'                      

1.3. Код ОКАТО  47401367000                       1.4. Телефон  45-04-27     
2.   ДАННЫЕ О ФИЗИЧЕСКОМ ЛИЦЕ - получателе дохода
2.1. ИНН 519041604350
2.2. Фамилия, Имя, Отчество                                               ТБН 
     Беляева Наталья Сергеевна                                            0102
2.3. Статус 1    2.4. Дата рождения 03.10.1980 г.    2.5. Гражданство(код) 643
2.6. Код док-та, удост. личность - 21  2.7. Серия, N документа 47 04  915496  
2.8. Адрес постоянного места жительства в Российской Федерации:
     Почтовый индекс 183053 Код региона 51  Район                            
     Город Мурманск г                              
     Улица Шабалина ул                             
     Дом 47     Корпус    Квартира 27   

3. ДОХОДЫ, ОБЛАГАЕМЫЕ НАЛОГОМ ПО СТАВКЕ  13 % 

┌────┬──────┬──────────┬─────┬────────┐ ┌────┬──────┬──────────┬─────┬────────┐
│ Ме │ Код  │    Сумма │ Код │ Сумма  │ │ Ме │ Код  │    Сумма │ Код │ Сумма  │
│ сяц│дохода│    дохода│вычет│ вычета │ │ сяц│дохода│    дохода│вычет│ вычета │
├────┼──────┼──────────┼─────┼────────┤ ├────┼──────┼──────────┼─────┼────────┤
│ 01 │ 2000 │  19610.00│     │        │ │ 06 │ 2012 │  30211.06│     │        │
│ 02 │ 2000 │  22963.40│     │        │ │ 07 │ 2000 │   2557.82│     │        │
│ 03 │ 2000 │  24208.00│     │        │ │ 08 │ 2000 │  15304.30│     │        │
│ 04 │ 2000 │  19610.00│     │        │ │ 09 │ 2000 │  29960.00│     │        │
│ 05 │ 2000 │  19610.00│     │        │ │ 10 │ 2000 │  27508.00│     │        │
│ 06 │ 2000 │  25102.94│     │        │ │ 11 │ 2000 │  21910.00│     │        │
└────┴──────┴──────────┴─────┴────────┘ └────┴──────┴──────────┴─────┴────────┘

4. СТАНДАРТНЫЕ и ИМУЩЕСТВЕННЫЕ НАЛОГОВЫЕ ВЫЧЕТЫ (по видам)
4.1. Суммы нал.вычетов, право на получение которых имеется у налогоплательщика
   Код Сумма вычета   Код Сумма вычета   Код Сумма вычета   Код Сумма вычета
  108     11000.00    103       400.00                                        
4.5. Общая сумма предоставленных стандартных  налоговых вычетов       11400.00

 5. Общие суммы дохода и налога по итогам налогового периода:
┌────────────────────────────────────────────────────────────────┬────────────┐
│5.1. Общая сумма дохода                                         │  258555.52 │
├────────────────────────────────────────────────────────────────┼────────────┤
│5.2. Облагаемая сумма дохода                                    │  247155.52 │
├────────────────────────────────────────────────────────────────┼────────────┤
│5.3. Сумма налога исчисленная                                   │   32130    │
├────────────────────────────────────────────────────────────────┼────────────┤
│5.4. Сумма налога удержанная                                    │   32130    │
├────────────────────────────────────────────────────────────────┼────────────┤
│5.5. Сумма возврата налога по перерасчету с доходов прошлых лет │            │
├────────────────────────────────────────────────────────────────┼────────────┤
│5.6. Сумма, зачтенная при уплате налога по перер. с дох. пр. лет│            │
├────────────────────────────────────────────────────────────────┼────────────┤
│5.7. Сумма, удержанная при уплате налога по перер. с дох. пр.лет│            │
├────────────────────────────────────────────────────────────────┼────────────┤
│5.8. Задолженность по налогу за налогоплательщиком              │            │
├────────────────────────────────────────────────────────────────┼────────────┤
│5.9. Сумма налога, излишне удержанная налоговым агентом         │            │
├────────────────────────────────────────────────────────────────┼────────────┤
│5.10 Сумма налога, переданная на взыскание в налоговый орган    │            │
└────────────────────────────────────────────────────────────────┴────────────┘

Налоговый агент   бухгалтер             ______________  /Беляева Н.С.        /
     М.П.             (должность)          (подпись)          (Ф.И.О.)

